// Jest Snapshot v1, https://goo.gl/fbAQLP

exports[`runs correctly 1`] = `
<div>
  <h1>
    Hello HacknBreak
  </h1>
</div>
`;
